../Drivers/STM32WLxx_HAL_Driver/Inc/stm32wlxx_ll_rcc.h:1257:22:LL_RCC_LSE_SetDriveCapability	16	static
../Drivers/STM32WLxx_HAL_Driver/Inc/stm32wlxx_ll_bus.h:449:22:LL_AHB2_GRP1_EnableClock	24	static
../Core/Src/main.c:79:5:main	8	static
../Core/Src/main.c:127:6:SystemClock_Config	112	static
../Core/Src/main.c:172:6:GPIO_Input_Init	32	static
../Core/Src/main.c:186:6:Check_GPIO_Input	16	static
../Core/Src/main.c:200:6:ProcessReceivedData	32	static
../Core/Src/main.c:219:6:OnRxData	16	static
../Core/Src/main.c:229:6:Error_Handler	4	static,ignoring_inline_asm
