../Drivers/CMSIS/Include/core_cm4.h:1933:34:__NVIC_SystemReset	4	static,ignoring_inline_asm
../LoRaWAN/App/lora_app.c:300:6:LoRaWAN_Init	16	static
../LoRaWAN/App/lora_app.c:382:13:OnRxData	16	static
../LoRaWAN/App/lora_app.c:388:13:SendTxData	4	static
../LoRaWAN/App/lora_app.c:395:13:OnTxTimerEvent	16	static
../LoRaWAN/App/lora_app.c:413:13:OnTxData	16	static
../LoRaWAN/App/lora_app.c:419:13:OnJoinRequest	16	static
../LoRaWAN/App/lora_app.c:425:13:OnBeaconStatusChange	16	static
../LoRaWAN/App/lora_app.c:431:13:OnSysTimeUpdate	4	static
../LoRaWAN/App/lora_app.c:438:13:OnClassChange	16	static
../LoRaWAN/App/lora_app.c:444:13:OnMacProcessNotify	8	static
../LoRaWAN/App/lora_app.c:456:13:OnTxPeriodicityChanged	16	static
../LoRaWAN/App/lora_app.c:478:13:OnTxFrameCtrlChanged	16	static
../LoRaWAN/App/lora_app.c:489:13:OnPingSlotPeriodicityChanged	16	static
../LoRaWAN/App/lora_app.c:500:13:OnSystemReset	8	static
../LoRaWAN/App/lora_app.c:514:13:StopJoin	8	static
../LoRaWAN/App/lora_app.c:549:13:OnStopJoinTimerEvent	16	static
../LoRaWAN/App/lora_app.c:563:13:StoreContext	16	static
../LoRaWAN/App/lora_app.c:585:13:OnNvmDataChange	16	static
../LoRaWAN/App/lora_app.c:603:13:OnStoreContextRequest	16	static
../LoRaWAN/App/lora_app.c:618:13:OnRestoreContextRequest	16	static
